---
http_interactions:
- request:
    method: post
    uri: https://slack.com/api/users.list
    body:
      encoding: UTF-8
      string: limit=5&presence=true
    headers:
      Accept:
      - application/json; charset=utf-8
      User-Agent:
      - Slack Ruby Client/0.18.0
      Authorization:
      - Bearer <SLACK_API_TOKEN>
      Content-Type:
      - application/x-www-form-urlencoded
      Accept-Encoding:
      - gzip;q=1.0,deflate;q=0.6,identity;q=0.3
  response:
    status:
      code: 200
      message: OK
    headers:
      Date:
      - Sat, 04 Dec 2021 20:13:19 GMT
      Server:
      - Apache
      Access-Control-Allow-Origin:
      - "*"
      Referrer-Policy:
      - no-referrer
      X-Slack-Backend:
      - r
      Strict-Transport-Security:
      - max-age=31536000; includeSubDomains; preload
      Access-Control-Allow-Headers:
      - slack-route, x-slack-version-ts, x-b3-traceid, x-b3-spanid, x-b3-parentspanid,
        x-b3-sampled, x-b3-flags
      Access-Control-Expose-Headers:
      - x-slack-req-id, retry-after
      X-Oauth-Scopes:
      - identify,read,post,client,apps
      X-Accepted-Oauth-Scopes:
      - users:read,read
      Expires:
      - Mon, 26 Jul 1997 05:00:00 GMT
      Cache-Control:
      - private, no-cache, no-store, must-revalidate
      Pragma:
      - no-cache
      X-Xss-Protection:
      - '0'
      X-Content-Type-Options:
      - nosniff
      X-Slack-Req-Id:
      - 586921b2f04637cff5971f40e6094e01
      Vary:
      - Accept-Encoding
      Content-Length:
      - '1350'
      Content-Type:
      - application/json; charset=utf-8
      X-Envoy-Upstream-Service-Time:
      - '20'
      X-Backend:
      - main_normal main_bedrock_normal_with_overflow main_canary_with_overflow main_bedrock_canary_with_overflow
        main_control_with_overflow main_bedrock_control_with_overflow
      X-Server:
      - slack-www-hhvm-main-iad-jygb
      X-Slack-Shared-Secret-Outcome:
      - no-match
      Via:
      - envoy-www-iad-aqxp, envoy-edge-iad-am9y
      X-Edge-Backend:
      - envoy-www
      X-Slack-Edge-Shared-Secret-Outcome:
      - no-match
    body:
      encoding: UTF-8
      string: '{"ok":true,"offset":"U07518DTL","members":[{"id":"USLACKBOT","team_id":"T04KB5WQH","name":"slackbot","deleted":false,"color":"757575","real_name":"Slackbot","tz":"America\/Los_Angeles","tz_label":"Pacific
        Standard Time","tz_offset":-28800,"profile":{"title":"","phone":"","skype":"","real_name":"Slackbot","real_name_normalized":"Slackbot","display_name":"Slackbot","display_name_normalized":"Slackbot","fields":null,"status_text":"","status_emoji":"","status_emoji_display_info":[],"status_expiration":0,"avatar_hash":"sv41d8cd98f0","always_active":true,"first_name":"slackbot","last_name":"","image_24":"https:\/\/a.slack-edge.com\/80588\/img\/slackbot_24.png","image_32":"https:\/\/a.slack-edge.com\/80588\/img\/slackbot_32.png","image_48":"https:\/\/a.slack-edge.com\/80588\/img\/slackbot_48.png","image_72":"https:\/\/a.slack-edge.com\/80588\/img\/slackbot_72.png","image_192":"https:\/\/a.slack-edge.com\/80588\/marketing\/img\/avatars\/slackbot\/avatar-slackbot.png","image_512":"https:\/\/a.slack-edge.com\/80588\/img\/slackbot_512.png","status_text_canonical":"","team":"T04KB5WQH"},"is_admin":false,"is_owner":false,"is_primary_owner":false,"is_restricted":false,"is_ultra_restricted":false,"is_bot":false,"is_app_user":false,"updated":0,"is_email_confirmed":false,"who_can_share_contact_card":"EVERYONE"},{"id":"U04JPQ0JS","team_id":"T04KB5WQH","name":"gamebot","deleted":true,"profile":{"title":"Game
        ons.","phone":"","skype":"","real_name":"Game Bot","real_name_normalized":"Game
        Bot","display_name":"gamebot","display_name_normalized":"gamebot","fields":null,"status_text":"","status_emoji":"","status_emoji_display_info":[],"status_expiration":0,"avatar_hash":"28d3661bf00d","image_original":"https:\/\/avatars.slack-edge.com\/2015-04-28\/4635825662_28d3661bf00dc6013442_original.jpg","is_custom_image":true,"bot_id":"B04JPQ0JE","first_name":"Game","last_name":"Bot","image_24":"https:\/\/avatars.slack-edge.com\/2015-04-28\/4635825662_28d3661bf00dc6013442_24.jpg","image_32":"https:\/\/avatars.slack-edge.com\/2015-04-28\/4635825662_28d3661bf00dc6013442_32.jpg","image_48":"https:\/\/avatars.slack-edge.com\/2015-04-28\/4635825662_28d3661bf00dc6013442_48.jpg","image_72":"https:\/\/avatars.slack-edge.com\/2015-04-28\/4635825662_28d3661bf00dc6013442_48.jpg","image_192":"https:\/\/avatars.slack-edge.com\/2015-04-28\/4635825662_28d3661bf00dc6013442_48.jpg","image_512":"","status_text_canonical":"","team":"T04KB5WQH"},"is_bot":true,"is_app_user":false,"updated":1504224422},{"id":"U04JZBDQQ","team_id":"T04KB5WQH","name":"foo","deleted":true,"profile":{"title":"","phone":"","skype":"","real_name":"foo","real_name_normalized":"foo","display_name":"","display_name_normalized":"","fields":null,"status_text":"","status_emoji":"","status_emoji_display_info":[],"status_expiration":0,"avatar_hash":"44604ca32e80","image_original":"https:\/\/avatars.slack-edge.com\/2015-04-28\/4645387956_44604ca32e800d947f22_original.jpg","is_custom_image":true,"bot_id":"B04JZBDQC","image_24":"https:\/\/avatars.slack-edge.com\/2015-04-28\/4645387956_44604ca32e800d947f22_24.jpg","image_32":"https:\/\/avatars.slack-edge.com\/2015-04-28\/4645387956_44604ca32e800d947f22_32.jpg","image_48":"https:\/\/avatars.slack-edge.com\/2015-04-28\/4645387956_44604ca32e800d947f22_48.jpg","image_72":"https:\/\/avatars.slack-edge.com\/2015-04-28\/4645387956_44604ca32e800d947f22_72.jpg","image_192":"https:\/\/avatars.slack-edge.com\/2015-04-28\/4645387956_44604ca32e800d947f22_192.jpg","image_512":"","status_text_canonical":"","team":"T04KB5WQH"},"is_bot":true,"is_app_user":false,"updated":1504224428},{"id":"U04KB5WQR","team_id":"T04KB5WQH","name":"dblock","deleted":false,"color":"9f69e7","real_name":"Daniel","tz":"America\/New_York","tz_label":"Eastern
        Standard Time","tz_offset":-18000,"profile":{"title":"","phone":"","skype":"","real_name":"Daniel","real_name_normalized":"Daniel","display_name":"dblock","display_name_normalized":"dblock","fields":null,"status_text":"A
        few vices are sufficient to darken many virtues.","status_emoji":":coffee:","status_emoji_display_info":[],"status_expiration":0,"avatar_hash":"g925b45ac07e","email":"dblock@dblock.org","first_name":"Daniel","last_name":"","image_24":"https:\/\/secure.gravatar.com\/avatar\/3d925b45ac07ec0ae5bd04888f6c5b61.jpg?s=24&d=https%3A%2F%2Fa.slack-edge.com%2Fdf10d%2Fimg%2Favatars%2Fava_0015-24.png","image_32":"https:\/\/secure.gravatar.com\/avatar\/3d925b45ac07ec0ae5bd04888f6c5b61.jpg?s=32&d=https%3A%2F%2Fa.slack-edge.com%2Fdf10d%2Fimg%2Favatars%2Fava_0015-32.png","image_48":"https:\/\/secure.gravatar.com\/avatar\/3d925b45ac07ec0ae5bd04888f6c5b61.jpg?s=48&d=https%3A%2F%2Fa.slack-edge.com%2Fdf10d%2Fimg%2Favatars%2Fava_0015-48.png","image_72":"https:\/\/secure.gravatar.com\/avatar\/3d925b45ac07ec0ae5bd04888f6c5b61.jpg?s=72&d=https%3A%2F%2Fa.slack-edge.com%2Fdf10d%2Fimg%2Favatars%2Fava_0015-72.png","image_192":"https:\/\/secure.gravatar.com\/avatar\/3d925b45ac07ec0ae5bd04888f6c5b61.jpg?s=192&d=https%3A%2F%2Fa.slack-edge.com%2Fdf10d%2Fimg%2Favatars%2Fava_0015-192.png","image_512":"https:\/\/secure.gravatar.com\/avatar\/3d925b45ac07ec0ae5bd04888f6c5b61.jpg?s=512&d=https%3A%2F%2Fa.slack-edge.com%2Fdf10d%2Fimg%2Favatars%2Fava_0015-512.png","status_text_canonical":"","team":"T04KB5WQH"},"is_admin":true,"is_owner":true,"is_primary_owner":true,"is_restricted":false,"is_ultra_restricted":false,"is_bot":false,"is_app_user":false,"updated":1604096800,"is_email_confirmed":true,"who_can_share_contact_card":"EVERYONE"},{"id":"U06JGTU5V","team_id":"T04KB5WQH","name":"mathbot","deleted":true,"profile":{"title":"","phone":"","skype":"","real_name":"Math
        Bot","real_name_normalized":"Math Bot","display_name":"mathbot","display_name_normalized":"mathbot","fields":null,"status_text":"","status_emoji":"","status_emoji_display_info":[],"status_expiration":0,"avatar_hash":"c507c80d735d","image_original":"https:\/\/avatars.slack-edge.com\/2015-06-19\/6629501812_c507c80d735dfc75bbc8_original.jpg","is_custom_image":true,"bot_id":"B06JH1N93","first_name":"Math","last_name":"Bot","image_24":"https:\/\/avatars.slack-edge.com\/2015-06-19\/6629501812_c507c80d735dfc75bbc8_24.jpg","image_32":"https:\/\/avatars.slack-edge.com\/2015-06-19\/6629501812_c507c80d735dfc75bbc8_32.jpg","image_48":"https:\/\/avatars.slack-edge.com\/2015-06-19\/6629501812_c507c80d735dfc75bbc8_48.jpg","image_72":"https:\/\/avatars.slack-edge.com\/2015-06-19\/6629501812_c507c80d735dfc75bbc8_48.jpg","image_192":"https:\/\/avatars.slack-edge.com\/2015-06-19\/6629501812_c507c80d735dfc75bbc8_48.jpg","image_512":"","status_text_canonical":"","team":"T04KB5WQH"},"is_bot":true,"is_app_user":false,"updated":1504224658}],"cache_ts":1638648799,"response_metadata":{"next_cursor":"dXNlcjpVMDc1MThEVEw="}}'
  recorded_at: Sat, 19 Jan 2019 21:25:48 GMT
- request:
    method: post
    uri: https://slack.com/api/users.list
    body:
      encoding: UTF-8
      string: cursor=dXNlcjpVMDc1MThEVEw%3D&limit=5&presence=true
    headers:
      Accept:
      - application/json; charset=utf-8
      User-Agent:
      - Slack Ruby Client/0.18.0
      Authorization:
      - Bearer <SLACK_API_TOKEN>
      Content-Type:
      - application/x-www-form-urlencoded
      Accept-Encoding:
      - gzip;q=1.0,deflate;q=0.6,identity;q=0.3
  response:
    status:
      code: 200
      message: OK
    headers:
      Date:
      - Sat, 04 Dec 2021 20:13:19 GMT
      Server:
      - Apache
      Access-Control-Allow-Origin:
      - "*"
      Referrer-Policy:
      - no-referrer
      X-Slack-Backend:
      - r
      Strict-Transport-Security:
      - max-age=31536000; includeSubDomains; preload
      Access-Control-Allow-Headers:
      - slack-route, x-slack-version-ts, x-b3-traceid, x-b3-spanid, x-b3-parentspanid,
        x-b3-sampled, x-b3-flags
      Access-Control-Expose-Headers:
      - x-slack-req-id, retry-after
      X-Oauth-Scopes:
      - identify,read,post,client,apps
      X-Accepted-Oauth-Scopes:
      - users:read,read
      Expires:
      - Mon, 26 Jul 1997 05:00:00 GMT
      Cache-Control:
      - private, no-cache, no-store, must-revalidate
      Pragma:
      - no-cache
      X-Xss-Protection:
      - '0'
      X-Content-Type-Options:
      - nosniff
      X-Slack-Req-Id:
      - 1ee2d348e64aef1c8bec6ecae4434c6f
      Vary:
      - Accept-Encoding
      Content-Length:
      - '1306'
      Content-Type:
      - application/json; charset=utf-8
      X-Envoy-Upstream-Service-Time:
      - '27'
      X-Backend:
      - main_normal main_bedrock_normal_with_overflow main_canary_with_overflow main_bedrock_canary_with_overflow
        main_control_with_overflow main_bedrock_control_with_overflow
      X-Server:
      - slack-www-hhvm-main-iad-qg2a
      X-Slack-Shared-Secret-Outcome:
      - no-match
      Via:
      - envoy-www-iad-ycyl, envoy-edge-iad-gn47
      X-Edge-Backend:
      - envoy-www
      X-Slack-Edge-Shared-Secret-Outcome:
      - no-match
    body:
      encoding: UTF-8
      string: '{"ok":true,"offset":"U0GPR6KDJ","members":[{"id":"U07518DTL","team_id":"T04KB5WQH","name":"testbot","deleted":false,"color":"674b1b","real_name":"Art
        Bot","tz":"America\/Los_Angeles","tz_label":"Pacific Standard Time","tz_offset":-28800,"profile":{"title":"Also
        used in Travis-CI for slack-ruby-client.","phone":"","skype":"","real_name":"Art
        Bot","real_name_normalized":"Art Bot","display_name":"testbot","display_name_normalized":"testbot","fields":null,"status_text":"","status_emoji":"","status_emoji_display_info":[],"status_expiration":0,"avatar_hash":"359bf095c1fe","image_original":"https:\/\/avatars.slack-edge.com\/2015-07-02\/7171641589_359bf095c1fe0841e582_original.jpg","is_custom_image":true,"bot_id":"B0751JU2H","first_name":"Art","last_name":"Bot","image_24":"https:\/\/avatars.slack-edge.com\/2015-07-02\/7171641589_359bf095c1fe0841e582_24.jpg","image_32":"https:\/\/avatars.slack-edge.com\/2015-07-02\/7171641589_359bf095c1fe0841e582_32.jpg","image_48":"https:\/\/avatars.slack-edge.com\/2015-07-02\/7171641589_359bf095c1fe0841e582_48.jpg","image_72":"https:\/\/avatars.slack-edge.com\/2015-07-02\/7171641589_359bf095c1fe0841e582_48.jpg","image_192":"https:\/\/avatars.slack-edge.com\/2015-07-02\/7171641589_359bf095c1fe0841e582_48.jpg","image_512":"","status_text_canonical":"","team":"T04KB5WQH"},"is_admin":false,"is_owner":false,"is_primary_owner":false,"is_restricted":false,"is_ultra_restricted":false,"is_bot":true,"is_app_user":false,"updated":1504224669,"is_email_confirmed":false,"who_can_share_contact_card":"EVERYONE"},{"id":"U07KECJ77","team_id":"T04KB5WQH","name":"aws","deleted":true,"profile":{"title":"","phone":"","skype":"","real_name":"AWS
        Cloud","real_name_normalized":"AWS Cloud","display_name":"aws","display_name_normalized":"aws","fields":null,"status_text":"","status_emoji":"","status_emoji_display_info":[],"status_expiration":0,"avatar_hash":"4755a86e204c","image_original":"https:\/\/avatars.slack-edge.com\/2015-07-14\/7660472085_4755a86e204c9706c84f_original.jpg","is_custom_image":true,"bot_id":"B07KECJ6R","first_name":"AWS","last_name":"Cloud","image_24":"https:\/\/avatars.slack-edge.com\/2015-07-14\/7660472085_4755a86e204c9706c84f_24.jpg","image_32":"https:\/\/avatars.slack-edge.com\/2015-07-14\/7660472085_4755a86e204c9706c84f_32.jpg","image_48":"https:\/\/avatars.slack-edge.com\/2015-07-14\/7660472085_4755a86e204c9706c84f_48.jpg","image_72":"https:\/\/avatars.slack-edge.com\/2015-07-14\/7660472085_4755a86e204c9706c84f_48.jpg","image_192":"https:\/\/avatars.slack-edge.com\/2015-07-14\/7660472085_4755a86e204c9706c84f_48.jpg","image_512":"","status_text_canonical":"","team":"T04KB5WQH"},"is_bot":true,"is_app_user":false,"updated":1504224679},{"id":"U092BDCLV","team_id":"T04KB5WQH","name":"artsy","deleted":true,"profile":{"title":"Searches
        Artsy.","phone":"","skype":"","real_name":"Artsy Bot","real_name_normalized":"Artsy
        Bot","display_name":"artsy","display_name_normalized":"artsy","fields":null,"status_text":"","status_emoji":"","status_emoji_display_info":[],"status_expiration":0,"avatar_hash":"7bbab49314a0","image_original":"https:\/\/avatars.slack-edge.com\/2015-08-13\/9080316676_7bbab49314a0429c7f7d_original.jpg","is_custom_image":true,"bot_id":"B092B5DDG","first_name":"Artsy","last_name":"Bot","image_24":"https:\/\/avatars.slack-edge.com\/2015-08-13\/9080316676_7bbab49314a0429c7f7d_24.jpg","image_32":"https:\/\/avatars.slack-edge.com\/2015-08-13\/9080316676_7bbab49314a0429c7f7d_32.jpg","image_48":"https:\/\/avatars.slack-edge.com\/2015-08-13\/9080316676_7bbab49314a0429c7f7d_48.jpg","image_72":"https:\/\/avatars.slack-edge.com\/2015-08-13\/9080316676_7bbab49314a0429c7f7d_48.jpg","image_192":"https:\/\/avatars.slack-edge.com\/2015-08-13\/9080316676_7bbab49314a0429c7f7d_48.jpg","image_512":"https:\/\/avatars.slack-edge.com\/2015-08-13\/9080316676_7bbab49314a0429c7f7d_48.jpg","image_1024":"https:\/\/avatars.slack-edge.com\/2015-08-13\/9080316676_7bbab49314a0429c7f7d_48.jpg","status_text_canonical":"","team":"T04KB5WQH"},"is_bot":true,"is_app_user":false,"updated":1504224699},{"id":"U092V4E9L","team_id":"T04KB5WQH","name":"broskoski","deleted":true,"profile":{"title":"","phone":"","skype":"","real_name":"Cab","real_name_normalized":"Cab","display_name":"broskoski","display_name_normalized":"broskoski","fields":null,"status_text":"","status_emoji":"","status_emoji_display_info":[],"status_expiration":0,"avatar_hash":"g621cbca6ea9","email":"cab@artsymail.com","first_name":"Cab","image_24":"https:\/\/secure.gravatar.com\/avatar\/99621cbca6ea94706a8f5dcdc5e8af4a.jpg?s=24&d=https%3A%2F%2Fa.slack-edge.com%2Fdf10d%2Fimg%2Favatars%2Fava_0017-24.png","image_32":"https:\/\/secure.gravatar.com\/avatar\/99621cbca6ea94706a8f5dcdc5e8af4a.jpg?s=32&d=https%3A%2F%2Fa.slack-edge.com%2Fdf10d%2Fimg%2Favatars%2Fava_0017-32.png","image_48":"https:\/\/secure.gravatar.com\/avatar\/99621cbca6ea94706a8f5dcdc5e8af4a.jpg?s=48&d=https%3A%2F%2Fa.slack-edge.com%2Fdf10d%2Fimg%2Favatars%2Fava_0017-48.png","image_72":"https:\/\/secure.gravatar.com\/avatar\/99621cbca6ea94706a8f5dcdc5e8af4a.jpg?s=72&d=https%3A%2F%2Fa.slack-edge.com%2Fdf10d%2Fimg%2Favatars%2Fava_0017-72.png","image_192":"https:\/\/secure.gravatar.com\/avatar\/99621cbca6ea94706a8f5dcdc5e8af4a.jpg?s=192&d=https%3A%2F%2Fa.slack-edge.com%2Fdf10d%2Fimg%2Favatars%2Fava_0017-192.png","image_512":"https:\/\/secure.gravatar.com\/avatar\/99621cbca6ea94706a8f5dcdc5e8af4a.jpg?s=512&d=https%3A%2F%2Fa.slack-edge.com%2Fdf10d%2Fimg%2Favatars%2Fava_0017-512.png","status_text_canonical":"","team":"T04KB5WQH"},"is_bot":false,"is_app_user":false,"updated":1569143041},{"id":"U0EA7TZJN","team_id":"T04KB5WQH","name":"bar","deleted":true,"profile":{"title":"","phone":"","skype":"","real_name":"bar","real_name_normalized":"bar","display_name":"","display_name_normalized":"","fields":null,"status_text":"","status_emoji":"","status_emoji_display_info":[],"status_expiration":0,"avatar_hash":"f359ba59a121","image_original":"https:\/\/avatars.slack-edge.com\/2015-11-11\/14346833313_f359ba59a1211d17912b_original.jpg","is_custom_image":true,"bot_id":"B0EA31LQM","image_24":"https:\/\/avatars.slack-edge.com\/2015-11-11\/14346833313_f359ba59a1211d17912b_24.jpg","image_32":"https:\/\/avatars.slack-edge.com\/2015-11-11\/14346833313_f359ba59a1211d17912b_32.jpg","image_48":"https:\/\/avatars.slack-edge.com\/2015-11-11\/14346833313_f359ba59a1211d17912b_48.jpg","image_72":"https:\/\/avatars.slack-edge.com\/2015-11-11\/14346833313_f359ba59a1211d17912b_72.jpg","image_192":"https:\/\/avatars.slack-edge.com\/2015-11-11\/14346833313_f359ba59a1211d17912b_192.jpg","image_512":"https:\/\/avatars.slack-edge.com\/2015-11-11\/14346833313_f359ba59a1211d17912b_512.jpg","image_1024":"https:\/\/avatars.slack-edge.com\/2015-11-11\/14346833313_f359ba59a1211d17912b_512.jpg","status_text_canonical":"","team":"T04KB5WQH"},"is_bot":true,"is_app_user":false,"updated":1504224758}],"cache_ts":1638648799,"response_metadata":{"next_cursor":"dXNlcjpVMEdQUjZLREo="}}'
  recorded_at: Sat, 19 Jan 2019 21:25:48 GMT
- request:
    method: post
    uri: https://slack.com/api/users.list
    body:
      encoding: UTF-8
      string: cursor=dXNlcjpVMEdQUjZLREo%3D&limit=5&presence=true
    headers:
      Accept:
      - application/json; charset=utf-8
      User-Agent:
      - Slack Ruby Client/0.18.0
      Authorization:
      - Bearer <SLACK_API_TOKEN>
      Content-Type:
      - application/x-www-form-urlencoded
      Accept-Encoding:
      - gzip;q=1.0,deflate;q=0.6,identity;q=0.3
  response:
    status:
      code: 200
      message: OK
    headers:
      Date:
      - Sat, 04 Dec 2021 20:13:19 GMT
      Server:
      - Apache
      Access-Control-Allow-Origin:
      - "*"
      Referrer-Policy:
      - no-referrer
      X-Slack-Backend:
      - r
      Strict-Transport-Security:
      - max-age=31536000; includeSubDomains; preload
      Access-Control-Allow-Headers:
      - slack-route, x-slack-version-ts, x-b3-traceid, x-b3-spanid, x-b3-parentspanid,
        x-b3-sampled, x-b3-flags
      Access-Control-Expose-Headers:
      - x-slack-req-id, retry-after
      X-Oauth-Scopes:
      - identify,read,post,client,apps
      X-Accepted-Oauth-Scopes:
      - users:read,read
      Expires:
      - Mon, 26 Jul 1997 05:00:00 GMT
      Cache-Control:
      - private, no-cache, no-store, must-revalidate
      Pragma:
      - no-cache
      X-Xss-Protection:
      - '0'
      X-Content-Type-Options:
      - nosniff
      X-Slack-Req-Id:
      - a492eac2ade275cce646aaa25c34b8aa
      Vary:
      - Accept-Encoding
      Content-Length:
      - '1169'
      Content-Type:
      - application/json; charset=utf-8
      X-Envoy-Upstream-Service-Time:
      - '29'
      X-Backend:
      - main_normal main_bedrock_normal_with_overflow main_canary_with_overflow main_bedrock_canary_with_overflow
        main_control_with_overflow main_bedrock_control_with_overflow
      X-Server:
      - slack-www-hhvm-main-iad-u8hy
      X-Slack-Shared-Secret-Outcome:
      - no-match
      Via:
      - envoy-www-iad-iv2s, envoy-edge-iad-7mbm
      X-Edge-Backend:
      - envoy-www
      X-Slack-Edge-Shared-Secret-Outcome:
      - no-match
    body:
      encoding: UTF-8
      string: '{"ok":true,"offset":"U0HLFUZLJ","members":[{"id":"U0GPR6KDJ","team_id":"T04KB5WQH","name":"slackbotserver","deleted":true,"profile":{"title":"","phone":"","skype":"","real_name":"slack-ruby-bot-server","real_name_normalized":"slack-ruby-bot-server","display_name":"slackbotserver","display_name_normalized":"slackbotserver","fields":null,"status_text":"","status_emoji":"","status_emoji_display_info":[],"status_expiration":0,"avatar_hash":"gf3834829d1e","api_app_id":"A0GPRTG9Z","bot_id":"B0GPWQWHY","first_name":"slack-ruby-bot-server","image_24":"https:\/\/secure.gravatar.com\/avatar\/36f3834829d1ec429f7d6acebccc7641.jpg?s=24&d=https%3A%2F%2Fa.slack-edge.com%2Fdf10d%2Fimg%2Favatars%2Fava_0008-24.png","image_32":"https:\/\/secure.gravatar.com\/avatar\/36f3834829d1ec429f7d6acebccc7641.jpg?s=32&d=https%3A%2F%2Fa.slack-edge.com%2Fdf10d%2Fimg%2Favatars%2Fava_0008-32.png","image_48":"https:\/\/secure.gravatar.com\/avatar\/36f3834829d1ec429f7d6acebccc7641.jpg?s=48&d=https%3A%2F%2Fa.slack-edge.com%2Fdf10d%2Fimg%2Favatars%2Fava_0008-48.png","image_72":"https:\/\/secure.gravatar.com\/avatar\/36f3834829d1ec429f7d6acebccc7641.jpg?s=72&d=https%3A%2F%2Fa.slack-edge.com%2Fdf10d%2Fimg%2Favatars%2Fava_0008-72.png","image_192":"https:\/\/secure.gravatar.com\/avatar\/36f3834829d1ec429f7d6acebccc7641.jpg?s=192&d=https%3A%2F%2Fa.slack-edge.com%2Fdf10d%2Fimg%2Favatars%2Fava_0008-192.png","image_512":"https:\/\/secure.gravatar.com\/avatar\/36f3834829d1ec429f7d6acebccc7641.jpg?s=512&d=https%3A%2F%2Fa.slack-edge.com%2Fdf10d%2Fimg%2Favatars%2Fava_0008-512.png","status_text_canonical":"","team":"T04KB5WQH"},"is_bot":true,"is_app_user":false,"updated":1605531588},{"id":"U0H15MV1R","team_id":"T04KB5WQH","name":"pongbot","deleted":true,"profile":{"title":"","phone":"","skype":"","real_name":"PlayPlay.io
        - Ping-Pong for Slack","real_name_normalized":"PlayPlay.io - Ping-Pong for
        Slack","display_name":"pongbot","display_name_normalized":"pongbot","fields":null,"status_text":"","status_emoji":"","status_emoji_display_info":[],"status_expiration":0,"avatar_hash":"bfc0baddb5a2","api_app_id":"A0H0ZJHP0","image_original":"https:\/\/avatars.slack-edge.com\/2016-06-19\/52297978466_bfc0baddb5a2d42da036_original.png","is_custom_image":true,"bot_id":"B0H184MLZ","first_name":"PlayPlay.io
        - Ping-Pong for Slack","image_24":"https:\/\/avatars.slack-edge.com\/2016-06-19\/52297978466_bfc0baddb5a2d42da036_24.png","image_32":"https:\/\/avatars.slack-edge.com\/2016-06-19\/52297978466_bfc0baddb5a2d42da036_32.png","image_48":"https:\/\/avatars.slack-edge.com\/2016-06-19\/52297978466_bfc0baddb5a2d42da036_48.png","image_72":"https:\/\/avatars.slack-edge.com\/2016-06-19\/52297978466_bfc0baddb5a2d42da036_72.png","image_192":"https:\/\/avatars.slack-edge.com\/2016-06-19\/52297978466_bfc0baddb5a2d42da036_192.png","image_512":"https:\/\/avatars.slack-edge.com\/2016-06-19\/52297978466_bfc0baddb5a2d42da036_512.png","image_1024":"https:\/\/avatars.slack-edge.com\/2016-06-19\/52297978466_bfc0baddb5a2d42da036_512.png","status_text_canonical":"","team":"T04KB5WQH"},"is_bot":true,"is_app_user":false,"updated":1557890817},{"id":"U0H701CJZ","team_id":"T04KB5WQH","name":"chessbot","deleted":true,"profile":{"title":"","phone":"","skype":"","real_name":"PlayPlay.io
        - Chess for Slack","real_name_normalized":"PlayPlay.io - Chess for Slack","display_name":"chessbot","display_name_normalized":"chessbot","fields":null,"status_text":"","status_emoji":"","status_emoji_display_info":[],"status_expiration":0,"avatar_hash":"8f99e84480d6","api_app_id":"A0H70N5C3","image_original":"https:\/\/avatars.slack-edge.com\/2016-06-19\/52298008610_8f99e84480d6baed1771_original.png","is_custom_image":true,"bot_id":"B0H74MK3J","first_name":"PlayPlay.io
        - Chess for Slack","image_24":"https:\/\/avatars.slack-edge.com\/2016-06-19\/52298008610_8f99e84480d6baed1771_24.png","image_32":"https:\/\/avatars.slack-edge.com\/2016-06-19\/52298008610_8f99e84480d6baed1771_32.png","image_48":"https:\/\/avatars.slack-edge.com\/2016-06-19\/52298008610_8f99e84480d6baed1771_48.png","image_72":"https:\/\/avatars.slack-edge.com\/2016-06-19\/52298008610_8f99e84480d6baed1771_72.png","image_192":"https:\/\/avatars.slack-edge.com\/2016-06-19\/52298008610_8f99e84480d6baed1771_192.png","image_512":"https:\/\/avatars.slack-edge.com\/2016-06-19\/52298008610_8f99e84480d6baed1771_512.png","image_1024":"https:\/\/avatars.slack-edge.com\/2016-06-19\/52298008610_8f99e84480d6baed1771_512.png","status_text_canonical":"","team":"T04KB5WQH"},"is_bot":true,"is_app_user":false,"updated":1547581425},{"id":"U0HC7MSEA","team_id":"T04KB5WQH","name":"poolbot","deleted":true,"profile":{"title":"","phone":"","skype":"","real_name":"PlayPlay.io
        - Billiards for Slack","real_name_normalized":"PlayPlay.io - Billiards for
        Slack","display_name":"poolbot","display_name_normalized":"poolbot","fields":null,"status_text":"","status_emoji":"","status_emoji_display_info":[],"status_expiration":0,"avatar_hash":"c95d3eeede11","api_app_id":"A0HC74EET","image_original":"https:\/\/avatars.slack-edge.com\/2016-06-19\/52283120304_c95d3eeede11f766a974_original.png","is_custom_image":true,"bot_id":"B0HC7D1SN","first_name":"PlayPlay.io
        - Billiards for Slack","image_24":"https:\/\/avatars.slack-edge.com\/2016-06-19\/52283120304_c95d3eeede11f766a974_24.png","image_32":"https:\/\/avatars.slack-edge.com\/2016-06-19\/52283120304_c95d3eeede11f766a974_32.png","image_48":"https:\/\/avatars.slack-edge.com\/2016-06-19\/52283120304_c95d3eeede11f766a974_48.png","image_72":"https:\/\/avatars.slack-edge.com\/2016-06-19\/52283120304_c95d3eeede11f766a974_72.png","image_192":"https:\/\/avatars.slack-edge.com\/2016-06-19\/52283120304_c95d3eeede11f766a974_192.png","image_512":"https:\/\/avatars.slack-edge.com\/2016-06-19\/52283120304_c95d3eeede11f766a974_512.png","image_1024":"https:\/\/avatars.slack-edge.com\/2016-06-19\/52283120304_c95d3eeede11f766a974_512.png","status_text_canonical":"","team":"T04KB5WQH"},"is_bot":true,"is_app_user":false,"updated":1547581419},{"id":"U0HF43KT7","team_id":"T04KB5WQH","name":"tictactoe","deleted":true,"profile":{"title":"","phone":"","skype":"","real_name":"PlayPlay.io
        - Tic-Tac-Toe for Slack","real_name_normalized":"PlayPlay.io - Tic-Tac-Toe
        for Slack","display_name":"tictactoe","display_name_normalized":"tictactoe","fields":null,"status_text":"","status_emoji":"","status_emoji_display_info":[],"status_expiration":0,"avatar_hash":"4a2b920dbea1","api_app_id":"A0HF3E0AH","image_original":"https:\/\/avatars.slack-edge.com\/2016-06-19\/52238814435_4a2b920dbea1335fd188_original.png","is_custom_image":true,"bot_id":"B0HF56491","first_name":"PlayPlay.io
        - Tic-Tac-Toe for Slack","image_24":"https:\/\/avatars.slack-edge.com\/2016-06-19\/52238814435_4a2b920dbea1335fd188_24.png","image_32":"https:\/\/avatars.slack-edge.com\/2016-06-19\/52238814435_4a2b920dbea1335fd188_32.png","image_48":"https:\/\/avatars.slack-edge.com\/2016-06-19\/52238814435_4a2b920dbea1335fd188_48.png","image_72":"https:\/\/avatars.slack-edge.com\/2016-06-19\/52238814435_4a2b920dbea1335fd188_72.png","image_192":"https:\/\/avatars.slack-edge.com\/2016-06-19\/52238814435_4a2b920dbea1335fd188_192.png","image_512":"https:\/\/avatars.slack-edge.com\/2016-06-19\/52238814435_4a2b920dbea1335fd188_512.png","image_1024":"https:\/\/avatars.slack-edge.com\/2016-06-19\/52238814435_4a2b920dbea1335fd188_512.png","status_text_canonical":"","team":"T04KB5WQH"},"is_bot":true,"is_app_user":false,"updated":1547581403}],"cache_ts":1638648799,"response_metadata":{"next_cursor":"dXNlcjpVMEhMRlVaTEo="}}'
  recorded_at: Sat, 19 Jan 2019 21:25:48 GMT
- request:
    method: post
    uri: https://slack.com/api/users.list
    body:
      encoding: UTF-8
      string: cursor=dXNlcjpVMEhMRlVaTEo%3D&limit=5&presence=true
    headers:
      Accept:
      - application/json; charset=utf-8
      User-Agent:
      - Slack Ruby Client/0.18.0
      Authorization:
      - Bearer <SLACK_API_TOKEN>
      Content-Type:
      - application/x-www-form-urlencoded
      Accept-Encoding:
      - gzip;q=1.0,deflate;q=0.6,identity;q=0.3
  response:
    status:
      code: 200
      message: OK
    headers:
      Date:
      - Sat, 04 Dec 2021 20:13:19 GMT
      Server:
      - Apache
      Access-Control-Allow-Origin:
      - "*"
      Referrer-Policy:
      - no-referrer
      X-Slack-Backend:
      - r
      Strict-Transport-Security:
      - max-age=31536000; includeSubDomains; preload
      Access-Control-Allow-Headers:
      - slack-route, x-slack-version-ts, x-b3-traceid, x-b3-spanid, x-b3-parentspanid,
        x-b3-sampled, x-b3-flags
      Access-Control-Expose-Headers:
      - x-slack-req-id, retry-after
      X-Oauth-Scopes:
      - identify,read,post,client,apps
      X-Accepted-Oauth-Scopes:
      - users:read,read
      Expires:
      - Mon, 26 Jul 1997 05:00:00 GMT
      Cache-Control:
      - private, no-cache, no-store, must-revalidate
      Pragma:
      - no-cache
      X-Xss-Protection:
      - '0'
      X-Content-Type-Options:
      - nosniff
      X-Slack-Req-Id:
      - 2580ae10a3e8d5a0dc83cc5f2566d171
      Vary:
      - Accept-Encoding
      Content-Length:
      - '1454'
      Content-Type:
      - application/json; charset=utf-8
      X-Envoy-Upstream-Service-Time:
      - '25'
      X-Backend:
      - main_normal main_bedrock_normal_with_overflow main_canary_with_overflow main_bedrock_canary_with_overflow
        main_control_with_overflow main_bedrock_control_with_overflow
      X-Server:
      - slack-www-hhvm-main-iad-25eq
      X-Slack-Shared-Secret-Outcome:
      - no-match
      Via:
      - envoy-www-iad-b6c8, envoy-edge-iad-dfy5
      X-Edge-Backend:
      - envoy-www
      X-Slack-Edge-Shared-Secret-Outcome:
      - no-match
    body:
      encoding: UTF-8
      string: '{"ok":true,"offset":"U0S0G028K","members":[{"id":"U0HLFUZLJ","team_id":"T04KB5WQH","name":"player1","deleted":false,"color":"d58247","real_name":"Player
        1","tz":"America\/Indiana\/Indianapolis","tz_label":"Eastern Standard Time","tz_offset":-18000,"profile":{"title":"","phone":"","skype":"","real_name":"Player
        1","real_name_normalized":"Player 1","display_name":"player1","display_name_normalized":"player1","fields":null,"status_text":"","status_emoji":"","status_emoji_display_info":[],"status_expiration":0,"avatar_hash":"ge4e1137364c","email":"dblock+player1@dblock.org","first_name":"Player","last_name":"1","image_24":"https:\/\/secure.gravatar.com\/avatar\/cde4e1137364cf971f15160113b04e86.jpg?s=24&d=https%3A%2F%2Fa.slack-edge.com%2Fdf10d%2Fimg%2Favatars%2Fava_0009-24.png","image_32":"https:\/\/secure.gravatar.com\/avatar\/cde4e1137364cf971f15160113b04e86.jpg?s=32&d=https%3A%2F%2Fa.slack-edge.com%2Fdf10d%2Fimg%2Favatars%2Fava_0009-32.png","image_48":"https:\/\/secure.gravatar.com\/avatar\/cde4e1137364cf971f15160113b04e86.jpg?s=48&d=https%3A%2F%2Fa.slack-edge.com%2Fdf10d%2Fimg%2Favatars%2Fava_0009-48.png","image_72":"https:\/\/secure.gravatar.com\/avatar\/cde4e1137364cf971f15160113b04e86.jpg?s=72&d=https%3A%2F%2Fa.slack-edge.com%2Fdf10d%2Fimg%2Favatars%2Fava_0009-72.png","image_192":"https:\/\/secure.gravatar.com\/avatar\/cde4e1137364cf971f15160113b04e86.jpg?s=192&d=https%3A%2F%2Fa.slack-edge.com%2Fdf10d%2Fimg%2Favatars%2Fava_0009-192.png","image_512":"https:\/\/secure.gravatar.com\/avatar\/cde4e1137364cf971f15160113b04e86.jpg?s=512&d=https%3A%2F%2Fa.slack-edge.com%2Fdf10d%2Fimg%2Favatars%2Fava_0009-512.png","status_text_canonical":"","team":"T04KB5WQH"},"is_admin":false,"is_owner":false,"is_primary_owner":false,"is_restricted":false,"is_ultra_restricted":false,"is_bot":false,"is_app_user":false,"updated":1569143041,"is_email_confirmed":true,"who_can_share_contact_card":"EVERYONE"},{"id":"U0HPMN0GY","team_id":"T04KB5WQH","name":"slak","deleted":true,"profile":{"title":"","phone":"","skype":"","real_name":"API
        Explorer","real_name_normalized":"API Explorer","display_name":"slak","display_name_normalized":"slak","fields":null,"status_text":"","status_emoji":"","status_emoji_display_info":[],"status_expiration":0,"avatar_hash":"36be3c0d4513","api_app_id":"A0HP7340N","image_original":"https:\/\/avatars.slack-edge.com\/2016-01-21\/19073458786_36be3c0d451350c9f03b_original.png","is_custom_image":true,"bot_id":"B0HPLG4M7","first_name":"API
        Explorer","image_24":"https:\/\/avatars.slack-edge.com\/2016-01-21\/19073458786_36be3c0d451350c9f03b_24.png","image_32":"https:\/\/avatars.slack-edge.com\/2016-01-21\/19073458786_36be3c0d451350c9f03b_32.png","image_48":"https:\/\/avatars.slack-edge.com\/2016-01-21\/19073458786_36be3c0d451350c9f03b_48.png","image_72":"https:\/\/avatars.slack-edge.com\/2016-01-21\/19073458786_36be3c0d451350c9f03b_72.png","image_192":"https:\/\/avatars.slack-edge.com\/2016-01-21\/19073458786_36be3c0d451350c9f03b_192.png","image_512":"https:\/\/avatars.slack-edge.com\/2016-01-21\/19073458786_36be3c0d451350c9f03b_512.png","image_1024":"https:\/\/avatars.slack-edge.com\/2016-01-21\/19073458786_36be3c0d451350c9f03b_512.png","status_text_canonical":"","team":"T04KB5WQH"},"is_bot":true,"is_app_user":false,"updated":1504224786},{"id":"U0J1GAHN1","team_id":"T04KB5WQH","name":"travis-ci","deleted":false,"color":"5a4592","real_name":"travis-ci","tz":"America\/Los_Angeles","tz_label":"Pacific
        Standard Time","tz_offset":-28800,"profile":{"title":"Used for Travis-CI integration
        tests on https:\/\/github.com\/dblock\/slack-ruby-client.","phone":"","skype":"","real_name":"travis-ci","real_name_normalized":"travis-ci","display_name":"","display_name_normalized":"","fields":null,"status_text":"","status_emoji":"","status_emoji_display_info":[],"status_expiration":0,"avatar_hash":"dd0191970c25","api_app_id":"","image_original":"https:\/\/avatars.slack-edge.com\/2016-01-08\/18054871664_dd0191970c25e54ef23f_original.png","is_custom_image":true,"bot_id":"B0J1L75DY","image_24":"https:\/\/avatars.slack-edge.com\/2016-01-08\/18054871664_dd0191970c25e54ef23f_24.png","image_32":"https:\/\/avatars.slack-edge.com\/2016-01-08\/18054871664_dd0191970c25e54ef23f_32.png","image_48":"https:\/\/avatars.slack-edge.com\/2016-01-08\/18054871664_dd0191970c25e54ef23f_48.png","image_72":"https:\/\/avatars.slack-edge.com\/2016-01-08\/18054871664_dd0191970c25e54ef23f_72.png","image_192":"https:\/\/avatars.slack-edge.com\/2016-01-08\/18054871664_dd0191970c25e54ef23f_192.png","image_512":"https:\/\/avatars.slack-edge.com\/2016-01-08\/18054871664_dd0191970c25e54ef23f_512.png","image_1024":"https:\/\/avatars.slack-edge.com\/2016-01-08\/18054871664_dd0191970c25e54ef23f_512.png","status_text_canonical":"","team":"T04KB5WQH"},"is_admin":false,"is_owner":false,"is_primary_owner":false,"is_restricted":false,"is_ultra_restricted":false,"is_bot":true,"is_app_user":false,"updated":1504224788,"is_email_confirmed":false,"who_can_share_contact_card":"EVERYONE"},{"id":"U0LAVPSLF","team_id":"T04KB5WQH","name":"market","deleted":false,"color":"db3150","real_name":"Market","tz":"America\/Los_Angeles","tz_label":"Pacific
        Standard Time","tz_offset":-28800,"profile":{"title":"","phone":"","skype":"","real_name":"Market","real_name_normalized":"Market","display_name":"market","display_name_normalized":"market","fields":null,"status_text":"","status_emoji":"","status_emoji_display_info":[],"status_expiration":0,"avatar_hash":"522645c5607a","api_app_id":"A0LAU0998","image_original":"https:\/\/avatars.slack-edge.com\/2016-06-12\/50217631700_522645c5607acc032c6f_original.png","is_custom_image":true,"bot_id":"B0LAPCFT6","first_name":"Market","image_24":"https:\/\/avatars.slack-edge.com\/2016-06-12\/50217631700_522645c5607acc032c6f_24.png","image_32":"https:\/\/avatars.slack-edge.com\/2016-06-12\/50217631700_522645c5607acc032c6f_32.png","image_48":"https:\/\/avatars.slack-edge.com\/2016-06-12\/50217631700_522645c5607acc032c6f_48.png","image_72":"https:\/\/avatars.slack-edge.com\/2016-06-12\/50217631700_522645c5607acc032c6f_72.png","image_192":"https:\/\/avatars.slack-edge.com\/2016-06-12\/50217631700_522645c5607acc032c6f_192.png","image_512":"https:\/\/avatars.slack-edge.com\/2016-06-12\/50217631700_522645c5607acc032c6f_512.png","image_1024":"https:\/\/avatars.slack-edge.com\/2016-06-12\/50217631700_522645c5607acc032c6f_512.png","status_text_canonical":"","team":"T04KB5WQH"},"is_admin":false,"is_owner":false,"is_primary_owner":false,"is_restricted":false,"is_ultra_restricted":false,"is_bot":true,"is_app_user":false,"updated":1504224809,"is_email_confirmed":false,"who_can_share_contact_card":"EVERYONE"},{"id":"U0RU32XGB","team_id":"T04KB5WQH","name":"demo_app","deleted":true,"profile":{"title":"","phone":"","skype":"","real_name":"Demo
        App","real_name_normalized":"Demo App","display_name":"demo_app","display_name_normalized":"demo_app","fields":null,"status_text":"","status_emoji":"","status_emoji_display_info":[],"status_expiration":0,"avatar_hash":"g0eaf566ca84","api_app_id":"A0S05U5H7","bot_id":"B0S04SHFX","first_name":"Demo
        App","image_24":"https:\/\/secure.gravatar.com\/avatar\/470eaf566ca842e4c7a2a6113aaabeff.jpg?s=24&d=https%3A%2F%2Fa.slack-edge.com%2Fdf10d%2Fimg%2Favatars%2Fava_0006-24.png","image_32":"https:\/\/secure.gravatar.com\/avatar\/470eaf566ca842e4c7a2a6113aaabeff.jpg?s=32&d=https%3A%2F%2Fa.slack-edge.com%2Fdf10d%2Fimg%2Favatars%2Fava_0006-32.png","image_48":"https:\/\/secure.gravatar.com\/avatar\/470eaf566ca842e4c7a2a6113aaabeff.jpg?s=48&d=https%3A%2F%2Fa.slack-edge.com%2Fdf10d%2Fimg%2Favatars%2Fava_0006-48.png","image_72":"https:\/\/secure.gravatar.com\/avatar\/470eaf566ca842e4c7a2a6113aaabeff.jpg?s=72&d=https%3A%2F%2Fa.slack-edge.com%2Fdf10d%2Fimg%2Favatars%2Fava_0006-72.png","image_192":"https:\/\/secure.gravatar.com\/avatar\/470eaf566ca842e4c7a2a6113aaabeff.jpg?s=192&d=https%3A%2F%2Fa.slack-edge.com%2Fdf10d%2Fimg%2Favatars%2Fava_0006-192.png","image_512":"https:\/\/secure.gravatar.com\/avatar\/470eaf566ca842e4c7a2a6113aaabeff.jpg?s=512&d=https%3A%2F%2Fa.slack-edge.com%2Fdf10d%2Fimg%2Favatars%2Fava_0006-512.png","status_text_canonical":"","team":"T04KB5WQH"},"is_bot":true,"is_app_user":false,"updated":1569143041}],"cache_ts":1638648799,"response_metadata":{"next_cursor":"dXNlcjpVMFMwRzAyOEs="}}'
  recorded_at: Sat, 19 Jan 2019 21:25:48 GMT
- request:
    method: post
    uri: https://slack.com/api/users.list
    body:
      encoding: UTF-8
      string: cursor=dXNlcjpVMFMwRzAyOEs%3D&limit=5&presence=true
    headers:
      Accept:
      - application/json; charset=utf-8
      User-Agent:
      - Slack Ruby Client/0.18.0
      Authorization:
      - Bearer <SLACK_API_TOKEN>
      Content-Type:
      - application/x-www-form-urlencoded
      Accept-Encoding:
      - gzip;q=1.0,deflate;q=0.6,identity;q=0.3
  response:
    status:
      code: 200
      message: OK
    headers:
      Date:
      - Sat, 04 Dec 2021 20:13:20 GMT
      Server:
      - Apache
      Access-Control-Allow-Origin:
      - "*"
      Referrer-Policy:
      - no-referrer
      X-Slack-Backend:
      - r
      Strict-Transport-Security:
      - max-age=31536000; includeSubDomains; preload
      Access-Control-Allow-Headers:
      - slack-route, x-slack-version-ts, x-b3-traceid, x-b3-spanid, x-b3-parentspanid,
        x-b3-sampled, x-b3-flags
      Access-Control-Expose-Headers:
      - x-slack-req-id, retry-after
      X-Oauth-Scopes:
      - identify,read,post,client,apps
      X-Accepted-Oauth-Scopes:
      - users:read,read
      Expires:
      - Mon, 26 Jul 1997 05:00:00 GMT
      Cache-Control:
      - private, no-cache, no-store, must-revalidate
      Pragma:
      - no-cache
      X-Xss-Protection:
      - '0'
      X-Content-Type-Options:
      - nosniff
      X-Slack-Req-Id:
      - 57a0fbf2c515653c55fcf7441d724e4c
      Vary:
      - Accept-Encoding
      Content-Length:
      - '1436'
      Content-Type:
      - application/json; charset=utf-8
      X-Envoy-Upstream-Service-Time:
      - '22'
      X-Backend:
      - main_normal main_bedrock_normal_with_overflow main_canary_with_overflow main_bedrock_canary_with_overflow
        main_control_with_overflow main_bedrock_control_with_overflow
      X-Server:
      - slack-www-hhvm-main-iad-00dp
      X-Slack-Shared-Secret-Outcome:
      - no-match
      Via:
      - envoy-www-iad-voa7, envoy-edge-iad-fg29
      X-Edge-Backend:
      - envoy-www
      X-Slack-Edge-Shared-Secret-Outcome:
      - no-match
    body:
      encoding: UTF-8
      string: '{"ok":true,"offset":"UPD8Z2E3T","members":[{"id":"U0S0G028K","team_id":"T04KB5WQH","name":"demofoo","deleted":true,"profile":{"title":"","phone":"","skype":"","real_name":"Demo
        App","real_name_normalized":"Demo App","display_name":"demofoo","display_name_normalized":"demofoo","fields":null,"status_text":"","status_emoji":"","status_emoji_display_info":[],"status_expiration":0,"avatar_hash":"gf909dc801e9","api_app_id":"A0S212AD7","bot_id":"B0S21UP2L","first_name":"Demo
        App","image_24":"https:\/\/secure.gravatar.com\/avatar\/7ff909dc801e9b78da70deb57d6a9548.jpg?s=24&d=https%3A%2F%2Fa.slack-edge.com%2Fdf10d%2Fimg%2Favatars%2Fava_0023-24.png","image_32":"https:\/\/secure.gravatar.com\/avatar\/7ff909dc801e9b78da70deb57d6a9548.jpg?s=32&d=https%3A%2F%2Fa.slack-edge.com%2Fdf10d%2Fimg%2Favatars%2Fava_0023-32.png","image_48":"https:\/\/secure.gravatar.com\/avatar\/7ff909dc801e9b78da70deb57d6a9548.jpg?s=48&d=https%3A%2F%2Fa.slack-edge.com%2Fdf10d%2Fimg%2Favatars%2Fava_0023-48.png","image_72":"https:\/\/secure.gravatar.com\/avatar\/7ff909dc801e9b78da70deb57d6a9548.jpg?s=72&d=https%3A%2F%2Fa.slack-edge.com%2Fdf10d%2Fimg%2Favatars%2Fava_0023-72.png","image_192":"https:\/\/secure.gravatar.com\/avatar\/7ff909dc801e9b78da70deb57d6a9548.jpg?s=192&d=https%3A%2F%2Fa.slack-edge.com%2Fdf10d%2Fimg%2Favatars%2Fava_0023-192.png","image_512":"https:\/\/secure.gravatar.com\/avatar\/7ff909dc801e9b78da70deb57d6a9548.jpg?s=512&d=https%3A%2F%2Fa.slack-edge.com%2Fdf10d%2Fimg%2Favatars%2Fava_0023-512.png","status_text_canonical":"","team":"T04KB5WQH"},"is_bot":true,"is_app_user":false,"updated":1569143041},{"id":"U6HMJSC01","team_id":"T04KB5WQH","name":"test_app","deleted":false,"color":"53b759","real_name":"test_app","tz":"America\/Los_Angeles","tz_label":"Pacific
        Standard Time","tz_offset":-28800,"profile":{"title":"","phone":"","skype":"","real_name":"test_app","real_name_normalized":"test_app","display_name":"test_app","display_name_normalized":"test_app","fields":null,"status_text":"","status_emoji":"","status_emoji_display_info":[],"status_expiration":0,"avatar_hash":"g0010e14ef43","api_app_id":"A19GAJ72T","always_active":false,"bot_id":"B6KAQDLCF","first_name":"test_app","last_name":"","image_24":"https:\/\/secure.gravatar.com\/avatar\/620010e14ef438a65db182bd767da3bc.jpg?s=24&d=https%3A%2F%2Fa.slack-edge.com%2Fdf10d%2Fimg%2Favatars%2Fava_0006-24.png","image_32":"https:\/\/secure.gravatar.com\/avatar\/620010e14ef438a65db182bd767da3bc.jpg?s=32&d=https%3A%2F%2Fa.slack-edge.com%2Fdf10d%2Fimg%2Favatars%2Fava_0006-32.png","image_48":"https:\/\/secure.gravatar.com\/avatar\/620010e14ef438a65db182bd767da3bc.jpg?s=48&d=https%3A%2F%2Fa.slack-edge.com%2Fdf10d%2Fimg%2Favatars%2Fava_0006-48.png","image_72":"https:\/\/secure.gravatar.com\/avatar\/620010e14ef438a65db182bd767da3bc.jpg?s=72&d=https%3A%2F%2Fa.slack-edge.com%2Fdf10d%2Fimg%2Favatars%2Fava_0006-72.png","image_192":"https:\/\/secure.gravatar.com\/avatar\/620010e14ef438a65db182bd767da3bc.jpg?s=192&d=https%3A%2F%2Fa.slack-edge.com%2Fdf10d%2Fimg%2Favatars%2Fava_0006-192.png","image_512":"https:\/\/secure.gravatar.com\/avatar\/620010e14ef438a65db182bd767da3bc.jpg?s=512&d=https%3A%2F%2Fa.slack-edge.com%2Fdf10d%2Fimg%2Favatars%2Fava_0006-512.png","status_text_canonical":"","team":"T04KB5WQH"},"is_admin":false,"is_owner":false,"is_primary_owner":false,"is_restricted":false,"is_ultra_restricted":false,"is_bot":true,"is_app_user":false,"updated":1585402202,"is_email_confirmed":false,"who_can_share_contact_card":"EVERYONE"},{"id":"U6QNX3JR5","team_id":"T04KB5WQH","name":"dblockplayplay","deleted":false,"color":"c386df","real_name":"Daniel
        Play","tz":"America\/New_York","tz_label":"Eastern Standard Time","tz_offset":-18000,"profile":{"title":"","phone":"","skype":"","real_name":"Daniel
        Play","real_name_normalized":"Daniel Play","display_name":"dblockplayplay","display_name_normalized":"dblockplayplay","fields":null,"status_text":"","status_emoji":"","status_emoji_display_info":[],"status_expiration":0,"avatar_hash":"gc348670516c","email":"dblock+playplay@dblock.org","first_name":"Daniel","last_name":"Play","image_24":"https:\/\/secure.gravatar.com\/avatar\/edc348670516c40654a171bdc09709b1.jpg?s=24&d=https%3A%2F%2Fa.slack-edge.com%2Fdf10d%2Fimg%2Favatars%2Fava_0003-24.png","image_32":"https:\/\/secure.gravatar.com\/avatar\/edc348670516c40654a171bdc09709b1.jpg?s=32&d=https%3A%2F%2Fa.slack-edge.com%2Fdf10d%2Fimg%2Favatars%2Fava_0003-32.png","image_48":"https:\/\/secure.gravatar.com\/avatar\/edc348670516c40654a171bdc09709b1.jpg?s=48&d=https%3A%2F%2Fa.slack-edge.com%2Fdf10d%2Fimg%2Favatars%2Fava_0003-48.png","image_72":"https:\/\/secure.gravatar.com\/avatar\/edc348670516c40654a171bdc09709b1.jpg?s=72&d=https%3A%2F%2Fa.slack-edge.com%2Fdf10d%2Fimg%2Favatars%2Fava_0003-72.png","image_192":"https:\/\/secure.gravatar.com\/avatar\/edc348670516c40654a171bdc09709b1.jpg?s=192&d=https%3A%2F%2Fa.slack-edge.com%2Fdf10d%2Fimg%2Favatars%2Fava_0003-192.png","image_512":"https:\/\/secure.gravatar.com\/avatar\/edc348670516c40654a171bdc09709b1.jpg?s=512&d=https%3A%2F%2Fa.slack-edge.com%2Fdf10d%2Fimg%2Favatars%2Fava_0003-512.png","status_text_canonical":"","team":"T04KB5WQH"},"is_admin":false,"is_owner":false,"is_primary_owner":false,"is_restricted":false,"is_ultra_restricted":false,"is_bot":false,"is_app_user":false,"updated":1569143042,"is_email_confirmed":true,"who_can_share_contact_card":"EVERYONE"},{"id":"UJJ05P001","team_id":"T04KB5WQH","name":"invitebot","deleted":false,"color":"385a86","real_name":"Invite
        Bot","tz":"America\/Los_Angeles","tz_label":"Pacific Standard Time","tz_offset":-28800,"profile":{"title":"","phone":"","skype":"","real_name":"Invite
        Bot","real_name_normalized":"Invite Bot","display_name":"","display_name_normalized":"","fields":null,"status_text":"","status_emoji":"","status_emoji_display_info":[],"status_expiration":0,"avatar_hash":"0e71f465eb8d","api_app_id":"AJPPFAS6R","always_active":false,"image_original":"https:\/\/avatars.slack-edge.com\/2019-05-15\/630005808305_0e71f465eb8df65d10cd_original.png","is_custom_image":true,"bot_id":"BJS5B5DHV","image_24":"https:\/\/avatars.slack-edge.com\/2019-05-15\/630005808305_0e71f465eb8df65d10cd_24.png","image_32":"https:\/\/avatars.slack-edge.com\/2019-05-15\/630005808305_0e71f465eb8df65d10cd_32.png","image_48":"https:\/\/avatars.slack-edge.com\/2019-05-15\/630005808305_0e71f465eb8df65d10cd_48.png","image_72":"https:\/\/avatars.slack-edge.com\/2019-05-15\/630005808305_0e71f465eb8df65d10cd_72.png","image_192":"https:\/\/avatars.slack-edge.com\/2019-05-15\/630005808305_0e71f465eb8df65d10cd_192.png","image_512":"https:\/\/avatars.slack-edge.com\/2019-05-15\/630005808305_0e71f465eb8df65d10cd_512.png","image_1024":"https:\/\/avatars.slack-edge.com\/2019-05-15\/630005808305_0e71f465eb8df65d10cd_1024.png","status_text_canonical":"","team":"T04KB5WQH"},"is_admin":false,"is_owner":false,"is_primary_owner":false,"is_restricted":false,"is_ultra_restricted":false,"is_bot":true,"is_app_user":false,"updated":1557929990,"is_email_confirmed":false,"who_can_share_contact_card":"EVERYONE"},{"id":"UPD8Z27LZ","team_id":"T04KB5WQH","name":"dblock_test","deleted":false,"color":"50a0cf","real_name":"dblock","tz":"America\/New_York","tz_label":"Eastern
        Standard Time","tz_offset":-18000,"profile":{"title":"","phone":"","skype":"","real_name":"dblock","real_name_normalized":"dblock","display_name":"","display_name_normalized":"","fields":null,"status_text":"","status_emoji":"","status_emoji_display_info":[],"status_expiration":0,"avatar_hash":"g4091e4ec0e2","email":"dblock+test@dblock.org","first_name":"","last_name":"","image_24":"https:\/\/secure.gravatar.com\/avatar\/4091e4ec0e225350e60651785e067949.jpg?s=24&d=https%3A%2F%2Fa.slack-edge.com%2Fdf10d%2Fimg%2Favatars%2Fava_0005-24.png","image_32":"https:\/\/secure.gravatar.com\/avatar\/4091e4ec0e225350e60651785e067949.jpg?s=32&d=https%3A%2F%2Fa.slack-edge.com%2Fdf10d%2Fimg%2Favatars%2Fava_0005-32.png","image_48":"https:\/\/secure.gravatar.com\/avatar\/4091e4ec0e225350e60651785e067949.jpg?s=48&d=https%3A%2F%2Fa.slack-edge.com%2Fdf10d%2Fimg%2Favatars%2Fava_0005-48.png","image_72":"https:\/\/secure.gravatar.com\/avatar\/4091e4ec0e225350e60651785e067949.jpg?s=72&d=https%3A%2F%2Fa.slack-edge.com%2Fdf10d%2Fimg%2Favatars%2Fava_0005-72.png","image_192":"https:\/\/secure.gravatar.com\/avatar\/4091e4ec0e225350e60651785e067949.jpg?s=192&d=https%3A%2F%2Fa.slack-edge.com%2Fdf10d%2Fimg%2Favatars%2Fava_0005-192.png","image_512":"https:\/\/secure.gravatar.com\/avatar\/4091e4ec0e225350e60651785e067949.jpg?s=512&d=https%3A%2F%2Fa.slack-edge.com%2Fdf10d%2Fimg%2Favatars%2Fava_0005-512.png","status_text_canonical":"","team":"T04KB5WQH"},"is_admin":false,"is_owner":false,"is_primary_owner":false,"is_restricted":false,"is_ultra_restricted":false,"is_bot":false,"is_app_user":false,"updated":1571509015,"is_email_confirmed":false,"who_can_share_contact_card":"EVERYONE","is_invited_user":true}],"cache_ts":1638648800,"response_metadata":{"next_cursor":"dXNlcjpVUEQ4WjJFM1Q="}}'
  recorded_at: Sat, 19 Jan 2019 21:25:48 GMT
- request:
    method: post
    uri: https://slack.com/api/users.list
    body:
      encoding: UTF-8
      string: cursor=dXNlcjpVUEQ4WjJFM1Q%3D&limit=5&presence=true
    headers:
      Accept:
      - application/json; charset=utf-8
      User-Agent:
      - Slack Ruby Client/0.18.0
      Authorization:
      - Bearer <SLACK_API_TOKEN>
      Content-Type:
      - application/x-www-form-urlencoded
      Accept-Encoding:
      - gzip;q=1.0,deflate;q=0.6,identity;q=0.3
  response:
    status:
      code: 200
      message: OK
    headers:
      Date:
      - Sat, 04 Dec 2021 20:13:20 GMT
      Server:
      - Apache
      Access-Control-Allow-Origin:
      - "*"
      Referrer-Policy:
      - no-referrer
      X-Slack-Backend:
      - r
      Strict-Transport-Security:
      - max-age=31536000; includeSubDomains; preload
      Access-Control-Allow-Headers:
      - slack-route, x-slack-version-ts, x-b3-traceid, x-b3-spanid, x-b3-parentspanid,
        x-b3-sampled, x-b3-flags
      Access-Control-Expose-Headers:
      - x-slack-req-id, retry-after
      X-Oauth-Scopes:
      - identify,read,post,client,apps
      X-Accepted-Oauth-Scopes:
      - users:read,read
      Expires:
      - Mon, 26 Jul 1997 05:00:00 GMT
      Cache-Control:
      - private, no-cache, no-store, must-revalidate
      Pragma:
      - no-cache
      X-Xss-Protection:
      - '0'
      X-Content-Type-Options:
      - nosniff
      X-Slack-Req-Id:
      - df3521f7f8ce14f1fdf3b55f0966f52a
      Vary:
      - Accept-Encoding
      Content-Length:
      - '1163'
      Content-Type:
      - application/json; charset=utf-8
      X-Envoy-Upstream-Service-Time:
      - '31'
      X-Backend:
      - main_normal main_bedrock_normal_with_overflow main_canary_with_overflow main_bedrock_canary_with_overflow
        main_control_with_overflow main_bedrock_control_with_overflow
      X-Server:
      - slack-www-hhvm-main-iad-pm0o
      X-Slack-Shared-Secret-Outcome:
      - no-match
      Via:
      - envoy-www-iad-q4q6, envoy-edge-iad-2mik
      X-Edge-Backend:
      - envoy-www
      X-Slack-Edge-Shared-Secret-Outcome:
      - no-match
    body:
      encoding: UTF-8
      string: '{"ok":true,"offset":"U012SA9KW4R","members":[{"id":"UPD8Z2E3T","team_id":"T04KB5WQH","name":"dblock_test1","deleted":false,"color":"d55aef","real_name":"dblock","tz":"America\/New_York","tz_label":"Eastern
        Standard Time","tz_offset":-18000,"profile":{"title":"","phone":"","skype":"","real_name":"dblock","real_name_normalized":"dblock","display_name":"","display_name_normalized":"","fields":null,"status_text":"","status_emoji":"","status_emoji_display_info":[],"status_expiration":0,"avatar_hash":"gef27de052f5","email":"dblock+test1@dblock.org","first_name":"","last_name":"","image_24":"https:\/\/secure.gravatar.com\/avatar\/ef27de052f5cdb250ce54fbbe6cf41bd.jpg?s=24&d=https%3A%2F%2Fa.slack-edge.com%2Fdf10d%2Fimg%2Favatars%2Fava_0022-24.png","image_32":"https:\/\/secure.gravatar.com\/avatar\/ef27de052f5cdb250ce54fbbe6cf41bd.jpg?s=32&d=https%3A%2F%2Fa.slack-edge.com%2Fdf10d%2Fimg%2Favatars%2Fava_0022-32.png","image_48":"https:\/\/secure.gravatar.com\/avatar\/ef27de052f5cdb250ce54fbbe6cf41bd.jpg?s=48&d=https%3A%2F%2Fa.slack-edge.com%2Fdf10d%2Fimg%2Favatars%2Fava_0022-48.png","image_72":"https:\/\/secure.gravatar.com\/avatar\/ef27de052f5cdb250ce54fbbe6cf41bd.jpg?s=72&d=https%3A%2F%2Fa.slack-edge.com%2Fdf10d%2Fimg%2Favatars%2Fava_0022-72.png","image_192":"https:\/\/secure.gravatar.com\/avatar\/ef27de052f5cdb250ce54fbbe6cf41bd.jpg?s=192&d=https%3A%2F%2Fa.slack-edge.com%2Fdf10d%2Fimg%2Favatars%2Fava_0022-192.png","image_512":"https:\/\/secure.gravatar.com\/avatar\/ef27de052f5cdb250ce54fbbe6cf41bd.jpg?s=512&d=https%3A%2F%2Fa.slack-edge.com%2Fdf10d%2Fimg%2Favatars%2Fava_0022-512.png","status_text_canonical":"","team":"T04KB5WQH"},"is_admin":false,"is_owner":false,"is_primary_owner":false,"is_restricted":false,"is_ultra_restricted":false,"is_bot":false,"is_app_user":false,"updated":1571509017,"is_email_confirmed":false,"who_can_share_contact_card":"EVERYONE","is_invited_user":true},{"id":"UPK86E6P6","team_id":"T04KB5WQH","name":"dblock_2","deleted":false,"color":"ea2977","real_name":"dblock","tz":"America\/New_York","tz_label":"Eastern
        Standard Time","tz_offset":-18000,"profile":{"title":"","phone":"","skype":"","real_name":"dblock","real_name_normalized":"dblock","display_name":"","display_name_normalized":"","fields":null,"status_text":"","status_emoji":"","status_emoji_display_info":[],"status_expiration":0,"avatar_hash":"gba73bd6b8ec","email":"dblock+2@dblock.org","first_name":"","last_name":"","image_24":"https:\/\/secure.gravatar.com\/avatar\/ba73bd6b8ec4c7a2a1062e4340d3d289.jpg?s=24&d=https%3A%2F%2Fa.slack-edge.com%2Fdf10d%2Fimg%2Favatars%2Fava_0001-24.png","image_32":"https:\/\/secure.gravatar.com\/avatar\/ba73bd6b8ec4c7a2a1062e4340d3d289.jpg?s=32&d=https%3A%2F%2Fa.slack-edge.com%2Fdf10d%2Fimg%2Favatars%2Fava_0001-32.png","image_48":"https:\/\/secure.gravatar.com\/avatar\/ba73bd6b8ec4c7a2a1062e4340d3d289.jpg?s=48&d=https%3A%2F%2Fa.slack-edge.com%2Fdf10d%2Fimg%2Favatars%2Fava_0001-48.png","image_72":"https:\/\/secure.gravatar.com\/avatar\/ba73bd6b8ec4c7a2a1062e4340d3d289.jpg?s=72&d=https%3A%2F%2Fa.slack-edge.com%2Fdf10d%2Fimg%2Favatars%2Fava_0001-72.png","image_192":"https:\/\/secure.gravatar.com\/avatar\/ba73bd6b8ec4c7a2a1062e4340d3d289.jpg?s=192&d=https%3A%2F%2Fa.slack-edge.com%2Fdf10d%2Fimg%2Favatars%2Fava_0001-192.png","image_512":"https:\/\/secure.gravatar.com\/avatar\/ba73bd6b8ec4c7a2a1062e4340d3d289.jpg?s=512&d=https%3A%2F%2Fa.slack-edge.com%2Fdf10d%2Fimg%2Favatars%2Fava_0001-512.png","status_text_canonical":"","team":"T04KB5WQH"},"is_admin":false,"is_owner":false,"is_primary_owner":false,"is_restricted":false,"is_ultra_restricted":false,"is_bot":false,"is_app_user":false,"updated":1571509014,"is_email_confirmed":false,"who_can_share_contact_card":"EVERYONE","is_invited_user":true},{"id":"UPKN2L3E1","team_id":"T04KB5WQH","name":"dblock_6","deleted":false,"color":"a63024","real_name":"dblock","tz":"America\/New_York","tz_label":"Eastern
        Standard Time","tz_offset":-18000,"profile":{"title":"","phone":"","skype":"","real_name":"dblock","real_name_normalized":"dblock","display_name":"","display_name_normalized":"","fields":null,"status_text":"","status_emoji":"","status_emoji_display_info":[],"status_expiration":0,"avatar_hash":"g52a8bba00a0","email":"dblock+6@dblock.org","first_name":"","last_name":"","image_24":"https:\/\/secure.gravatar.com\/avatar\/52a8bba00a0487dfde01fe44facc8881.jpg?s=24&d=https%3A%2F%2Fa.slack-edge.com%2Fdf10d%2Fimg%2Favatars%2Fava_0026-24.png","image_32":"https:\/\/secure.gravatar.com\/avatar\/52a8bba00a0487dfde01fe44facc8881.jpg?s=32&d=https%3A%2F%2Fa.slack-edge.com%2Fdf10d%2Fimg%2Favatars%2Fava_0026-32.png","image_48":"https:\/\/secure.gravatar.com\/avatar\/52a8bba00a0487dfde01fe44facc8881.jpg?s=48&d=https%3A%2F%2Fa.slack-edge.com%2Fdf10d%2Fimg%2Favatars%2Fava_0026-48.png","image_72":"https:\/\/secure.gravatar.com\/avatar\/52a8bba00a0487dfde01fe44facc8881.jpg?s=72&d=https%3A%2F%2Fa.slack-edge.com%2Fdf10d%2Fimg%2Favatars%2Fava_0026-72.png","image_192":"https:\/\/secure.gravatar.com\/avatar\/52a8bba00a0487dfde01fe44facc8881.jpg?s=192&d=https%3A%2F%2Fa.slack-edge.com%2Fdf10d%2Fimg%2Favatars%2Fava_0026-192.png","image_512":"https:\/\/secure.gravatar.com\/avatar\/52a8bba00a0487dfde01fe44facc8881.jpg?s=512&d=https%3A%2F%2Fa.slack-edge.com%2Fdf10d%2Fimg%2Favatars%2Fava_0026-512.png","status_text_canonical":"","team":"T04KB5WQH"},"is_admin":false,"is_owner":false,"is_primary_owner":false,"is_restricted":false,"is_ultra_restricted":false,"is_bot":false,"is_app_user":false,"updated":1571509011,"is_email_confirmed":false,"who_can_share_contact_card":"EVERYONE","is_invited_user":true},{"id":"UPMTZMJTY","team_id":"T04KB5WQH","name":"dblock_3","deleted":false,"color":"5870dd","real_name":"dblock","tz":"America\/New_York","tz_label":"Eastern
        Standard Time","tz_offset":-18000,"profile":{"title":"","phone":"","skype":"","real_name":"dblock","real_name_normalized":"dblock","display_name":"","display_name_normalized":"","fields":null,"status_text":"","status_emoji":"","status_emoji_display_info":[],"status_expiration":0,"avatar_hash":"g59cffe92576","email":"dblock+3@dblock.org","first_name":"","last_name":"","image_24":"https:\/\/secure.gravatar.com\/avatar\/59cffe925768b386639fc84bd3f4b781.jpg?s=24&d=https%3A%2F%2Fa.slack-edge.com%2Fdf10d%2Fimg%2Favatars%2Fava_0008-24.png","image_32":"https:\/\/secure.gravatar.com\/avatar\/59cffe925768b386639fc84bd3f4b781.jpg?s=32&d=https%3A%2F%2Fa.slack-edge.com%2Fdf10d%2Fimg%2Favatars%2Fava_0008-32.png","image_48":"https:\/\/secure.gravatar.com\/avatar\/59cffe925768b386639fc84bd3f4b781.jpg?s=48&d=https%3A%2F%2Fa.slack-edge.com%2Fdf10d%2Fimg%2Favatars%2Fava_0008-48.png","image_72":"https:\/\/secure.gravatar.com\/avatar\/59cffe925768b386639fc84bd3f4b781.jpg?s=72&d=https%3A%2F%2Fa.slack-edge.com%2Fdf10d%2Fimg%2Favatars%2Fava_0008-72.png","image_192":"https:\/\/secure.gravatar.com\/avatar\/59cffe925768b386639fc84bd3f4b781.jpg?s=192&d=https%3A%2F%2Fa.slack-edge.com%2Fdf10d%2Fimg%2Favatars%2Fava_0008-192.png","image_512":"https:\/\/secure.gravatar.com\/avatar\/59cffe925768b386639fc84bd3f4b781.jpg?s=512&d=https%3A%2F%2Fa.slack-edge.com%2Fdf10d%2Fimg%2Favatars%2Fava_0008-512.png","status_text_canonical":"","team":"T04KB5WQH"},"is_admin":false,"is_owner":false,"is_primary_owner":false,"is_restricted":false,"is_ultra_restricted":false,"is_bot":false,"is_app_user":false,"updated":1571509013,"is_email_confirmed":false,"who_can_share_contact_card":"EVERYONE","is_invited_user":true},{"id":"U011Z08R6B1","team_id":"T04KB5WQH","name":"dblock_example2","deleted":false,"color":"43761b","real_name":"dblock","tz":"America\/New_York","tz_label":"Eastern
        Standard Time","tz_offset":-18000,"profile":{"title":"","phone":"","skype":"","real_name":"dblock","real_name_normalized":"dblock","display_name":"","display_name_normalized":"","fields":null,"status_text":"","status_emoji":"","status_emoji_display_info":[],"status_expiration":0,"avatar_hash":"g8647841651f","email":"dblock+example2@dblock.org","image_24":"https:\/\/secure.gravatar.com\/avatar\/8647841651f8212201a44dab1e14f010.jpg?s=24&d=https%3A%2F%2Fa.slack-edge.com%2Fdf10d%2Fimg%2Favatars%2Fava_0016-24.png","image_32":"https:\/\/secure.gravatar.com\/avatar\/8647841651f8212201a44dab1e14f010.jpg?s=32&d=https%3A%2F%2Fa.slack-edge.com%2Fdf10d%2Fimg%2Favatars%2Fava_0016-32.png","image_48":"https:\/\/secure.gravatar.com\/avatar\/8647841651f8212201a44dab1e14f010.jpg?s=48&d=https%3A%2F%2Fa.slack-edge.com%2Fdf10d%2Fimg%2Favatars%2Fava_0016-48.png","image_72":"https:\/\/secure.gravatar.com\/avatar\/8647841651f8212201a44dab1e14f010.jpg?s=72&d=https%3A%2F%2Fa.slack-edge.com%2Fdf10d%2Fimg%2Favatars%2Fava_0016-72.png","image_192":"https:\/\/secure.gravatar.com\/avatar\/8647841651f8212201a44dab1e14f010.jpg?s=192&d=https%3A%2F%2Fa.slack-edge.com%2Fdf10d%2Fimg%2Favatars%2Fava_0016-192.png","image_512":"https:\/\/secure.gravatar.com\/avatar\/8647841651f8212201a44dab1e14f010.jpg?s=512&d=https%3A%2F%2Fa.slack-edge.com%2Fdf10d%2Fimg%2Favatars%2Fava_0016-512.png","status_text_canonical":"","team":"T04KB5WQH"},"is_admin":false,"is_owner":false,"is_primary_owner":false,"is_restricted":false,"is_ultra_restricted":false,"is_bot":false,"is_app_user":false,"updated":1587650583,"is_email_confirmed":false,"who_can_share_contact_card":"EVERYONE","is_invited_user":true}],"cache_ts":1638648800,"response_metadata":{"next_cursor":"dXNlcjpVMDEyU0E5S1c0Ug=="}}'
  recorded_at: Sat, 19 Jan 2019 21:25:48 GMT
- request:
    method: post
    uri: https://slack.com/api/users.list
    body:
      encoding: UTF-8
      string: cursor=dXNlcjpVMDEyU0E5S1c0Ug%3D%3D&limit=5&presence=true
    headers:
      Accept:
      - application/json; charset=utf-8
      User-Agent:
      - Slack Ruby Client/0.18.0
      Authorization:
      - Bearer <SLACK_API_TOKEN>
      Content-Type:
      - application/x-www-form-urlencoded
      Accept-Encoding:
      - gzip;q=1.0,deflate;q=0.6,identity;q=0.3
  response:
    status:
      code: 200
      message: OK
    headers:
      Date:
      - Sat, 04 Dec 2021 20:13:20 GMT
      Server:
      - Apache
      Access-Control-Allow-Origin:
      - "*"
      Referrer-Policy:
      - no-referrer
      X-Slack-Backend:
      - r
      Strict-Transport-Security:
      - max-age=31536000; includeSubDomains; preload
      Access-Control-Allow-Headers:
      - slack-route, x-slack-version-ts, x-b3-traceid, x-b3-spanid, x-b3-parentspanid,
        x-b3-sampled, x-b3-flags
      Access-Control-Expose-Headers:
      - x-slack-req-id, retry-after
      X-Oauth-Scopes:
      - identify,read,post,client,apps
      X-Accepted-Oauth-Scopes:
      - users:read,read
      Expires:
      - Mon, 26 Jul 1997 05:00:00 GMT
      Cache-Control:
      - private, no-cache, no-store, must-revalidate
      Pragma:
      - no-cache
      X-Xss-Protection:
      - '0'
      X-Content-Type-Options:
      - nosniff
      X-Slack-Req-Id:
      - 70f9d5015fdce8dc1c869a65834dda47
      Vary:
      - Accept-Encoding
      Content-Length:
      - '1424'
      Content-Type:
      - application/json; charset=utf-8
      X-Envoy-Upstream-Service-Time:
      - '23'
      X-Backend:
      - main_normal main_bedrock_normal_with_overflow main_canary_with_overflow main_bedrock_canary_with_overflow
        main_control_with_overflow main_bedrock_control_with_overflow
      X-Server:
      - slack-www-hhvm-main-iad-z51r
      X-Slack-Shared-Secret-Outcome:
      - no-match
      Via:
      - envoy-www-iad-hepu, envoy-edge-iad-wt4b
      X-Edge-Backend:
      - envoy-www
      X-Slack-Edge-Shared-Secret-Outcome:
      - no-match
    body:
      encoding: UTF-8
      string: '{"ok":true,"members":[{"id":"U012SA9KW4R","team_id":"T04KB5WQH","name":"dblock_example","deleted":false,"color":"d1707d","real_name":"dblock","tz":"America\/New_York","tz_label":"Eastern
        Standard Time","tz_offset":-18000,"profile":{"title":"","phone":"","skype":"","real_name":"dblock","real_name_normalized":"dblock","display_name":"","display_name_normalized":"","fields":null,"status_text":"","status_emoji":"","status_emoji_display_info":[],"status_expiration":0,"avatar_hash":"ga6aec5133db","email":"dblock+example@dblock.org","image_24":"https:\/\/secure.gravatar.com\/avatar\/a6aec5133db996586c61e49a0d791e23.jpg?s=24&d=https%3A%2F%2Fa.slack-edge.com%2Fdf10d%2Fimg%2Favatars%2Fava_0000-24.png","image_32":"https:\/\/secure.gravatar.com\/avatar\/a6aec5133db996586c61e49a0d791e23.jpg?s=32&d=https%3A%2F%2Fa.slack-edge.com%2Fdf10d%2Fimg%2Favatars%2Fava_0000-32.png","image_48":"https:\/\/secure.gravatar.com\/avatar\/a6aec5133db996586c61e49a0d791e23.jpg?s=48&d=https%3A%2F%2Fa.slack-edge.com%2Fdf10d%2Fimg%2Favatars%2Fava_0000-48.png","image_72":"https:\/\/secure.gravatar.com\/avatar\/a6aec5133db996586c61e49a0d791e23.jpg?s=72&d=https%3A%2F%2Fa.slack-edge.com%2Fdf10d%2Fimg%2Favatars%2Fava_0000-72.png","image_192":"https:\/\/secure.gravatar.com\/avatar\/a6aec5133db996586c61e49a0d791e23.jpg?s=192&d=https%3A%2F%2Fa.slack-edge.com%2Fdf10d%2Fimg%2Favatars%2Fava_0000-192.png","image_512":"https:\/\/secure.gravatar.com\/avatar\/a6aec5133db996586c61e49a0d791e23.jpg?s=512&d=https%3A%2F%2Fa.slack-edge.com%2Fdf10d%2Fimg%2Favatars%2Fava_0000-512.png","status_text_canonical":"","team":"T04KB5WQH"},"is_admin":false,"is_owner":false,"is_primary_owner":false,"is_restricted":false,"is_ultra_restricted":false,"is_bot":false,"is_app_user":false,"updated":1587650286,"is_email_confirmed":false,"who_can_share_contact_card":"EVERYONE","is_invited_user":true},{"id":"U0174H9SZR7","team_id":"T04KB5WQH","name":"slava-bot","deleted":false,"color":"e06b56","real_name":"slava","tz":"America\/Los_Angeles","tz_label":"Pacific
        Standard Time","tz_offset":-28800,"profile":{"title":"","phone":"","skype":"","real_name":"slava","real_name_normalized":"slava","display_name":"","display_name_normalized":"","fields":null,"status_text":"","status_emoji":"","status_emoji_display_info":[],"status_expiration":0,"avatar_hash":"16fecd69d862","api_app_id":"A9XS1443S","always_active":false,"image_original":"https:\/\/avatars.slack-edge.com\/2021-06-17\/2185657550866_16fecd69d862b7eebc1b_original.jpg","is_custom_image":true,"bot_id":"B016B6GGRLP","first_name":"slava","last_name":"","image_24":"https:\/\/avatars.slack-edge.com\/2021-06-17\/2185657550866_16fecd69d862b7eebc1b_24.jpg","image_32":"https:\/\/avatars.slack-edge.com\/2021-06-17\/2185657550866_16fecd69d862b7eebc1b_32.jpg","image_48":"https:\/\/avatars.slack-edge.com\/2021-06-17\/2185657550866_16fecd69d862b7eebc1b_48.jpg","image_72":"https:\/\/avatars.slack-edge.com\/2021-06-17\/2185657550866_16fecd69d862b7eebc1b_72.jpg","image_192":"https:\/\/avatars.slack-edge.com\/2021-06-17\/2185657550866_16fecd69d862b7eebc1b_192.jpg","image_512":"https:\/\/avatars.slack-edge.com\/2021-06-17\/2185657550866_16fecd69d862b7eebc1b_512.jpg","image_1024":"https:\/\/avatars.slack-edge.com\/2021-06-17\/2185657550866_16fecd69d862b7eebc1b_1024.jpg","status_text_canonical":"","team":"T04KB5WQH"},"is_admin":false,"is_owner":false,"is_primary_owner":false,"is_restricted":false,"is_ultra_restricted":false,"is_bot":true,"is_app_user":false,"updated":1623977812,"is_email_confirmed":false,"who_can_share_contact_card":"EVERYONE"},{"id":"U01EC0JKFPZ","team_id":"T04KB5WQH","name":"sh2-x","deleted":true,"profile":{"title":"","phone":"","skype":"","real_name":"shell","real_name_normalized":"shell","display_name":"","display_name_normalized":"","fields":null,"status_text":"","status_emoji":"","status_emoji_display_info":[],"status_expiration":0,"avatar_hash":"88c23204862c","api_app_id":"A0HU20FCG","always_active":false,"image_original":"https:\/\/avatars.slack-edge.com\/2020-11-15\/1502965856291_88c23204862cf59bfcc1_original.png","is_custom_image":true,"bot_id":"B01EYT3K9LL","image_24":"https:\/\/avatars.slack-edge.com\/2020-11-15\/1502965856291_88c23204862cf59bfcc1_24.png","image_32":"https:\/\/avatars.slack-edge.com\/2020-11-15\/1502965856291_88c23204862cf59bfcc1_32.png","image_48":"https:\/\/avatars.slack-edge.com\/2020-11-15\/1502965856291_88c23204862cf59bfcc1_48.png","image_72":"https:\/\/avatars.slack-edge.com\/2020-11-15\/1502965856291_88c23204862cf59bfcc1_72.png","image_192":"https:\/\/avatars.slack-edge.com\/2020-11-15\/1502965856291_88c23204862cf59bfcc1_192.png","image_512":"https:\/\/avatars.slack-edge.com\/2020-11-15\/1502965856291_88c23204862cf59bfcc1_512.png","image_1024":"https:\/\/avatars.slack-edge.com\/2020-11-15\/1502965856291_88c23204862cf59bfcc1_1024.png","status_text_canonical":"","team":"T04KB5WQH"},"is_bot":true,"is_app_user":false,"updated":1606511282},{"id":"U01ED8JS8BH","team_id":"T04KB5WQH","name":"test_app_v2","deleted":false,"color":"902d59","real_name":"Test
        App v2","tz":"America\/Los_Angeles","tz_label":"Pacific Standard Time","tz_offset":-28800,"profile":{"title":"","phone":"","skype":"","real_name":"Test
        App v2","real_name_normalized":"Test App v2","display_name":"","display_name_normalized":"","fields":null,"status_text":"","status_emoji":"","status_emoji_display_info":[],"status_expiration":0,"avatar_hash":"g13f1a003782","api_app_id":"A01FHPEUR16","always_active":false,"bot_id":"B01F05PT7D2","image_24":"https:\/\/secure.gravatar.com\/avatar\/13f1a0037821ab0a0ff597479408dddd.jpg?s=24&d=https%3A%2F%2Fa.slack-edge.com%2Fdf10d%2Fimg%2Favatars%2Fava_0014-24.png","image_32":"https:\/\/secure.gravatar.com\/avatar\/13f1a0037821ab0a0ff597479408dddd.jpg?s=32&d=https%3A%2F%2Fa.slack-edge.com%2Fdf10d%2Fimg%2Favatars%2Fava_0014-32.png","image_48":"https:\/\/secure.gravatar.com\/avatar\/13f1a0037821ab0a0ff597479408dddd.jpg?s=48&d=https%3A%2F%2Fa.slack-edge.com%2Fdf10d%2Fimg%2Favatars%2Fava_0014-48.png","image_72":"https:\/\/secure.gravatar.com\/avatar\/13f1a0037821ab0a0ff597479408dddd.jpg?s=72&d=https%3A%2F%2Fa.slack-edge.com%2Fdf10d%2Fimg%2Favatars%2Fava_0014-72.png","image_192":"https:\/\/secure.gravatar.com\/avatar\/13f1a0037821ab0a0ff597479408dddd.jpg?s=192&d=https%3A%2F%2Fa.slack-edge.com%2Fdf10d%2Fimg%2Favatars%2Fava_0014-192.png","image_512":"https:\/\/secure.gravatar.com\/avatar\/13f1a0037821ab0a0ff597479408dddd.jpg?s=512&d=https%3A%2F%2Fa.slack-edge.com%2Fdf10d%2Fimg%2Favatars%2Fava_0014-512.png","status_text_canonical":"","team":"T04KB5WQH"},"is_admin":false,"is_owner":false,"is_primary_owner":false,"is_restricted":false,"is_ultra_restricted":false,"is_bot":true,"is_app_user":false,"updated":1605532101,"is_email_confirmed":false,"who_can_share_contact_card":"EVERYONE"},{"id":"U01FA6B0JM8","team_id":"T04KB5WQH","name":"shell","deleted":false,"color":"de5f24","real_name":"sh","tz":"America\/Los_Angeles","tz_label":"Pacific
        Standard Time","tz_offset":-28800,"profile":{"title":"","phone":"","skype":"","real_name":"sh","real_name_normalized":"sh","display_name":"","display_name_normalized":"","fields":null,"status_text":"","status_emoji":"","status_emoji_display_info":[],"status_expiration":0,"avatar_hash":"5732d1b50dac","api_app_id":"A01F73M28BF","always_active":true,"image_original":"https:\/\/avatars.slack-edge.com\/2020-11-27\/1539986896676_5732d1b50dac2ec835ad_original.png","is_custom_image":true,"bot_id":"B01G01P95JL","first_name":"sh","last_name":"","image_24":"https:\/\/avatars.slack-edge.com\/2020-11-27\/1539986896676_5732d1b50dac2ec835ad_24.png","image_32":"https:\/\/avatars.slack-edge.com\/2020-11-27\/1539986896676_5732d1b50dac2ec835ad_32.png","image_48":"https:\/\/avatars.slack-edge.com\/2020-11-27\/1539986896676_5732d1b50dac2ec835ad_48.png","image_72":"https:\/\/avatars.slack-edge.com\/2020-11-27\/1539986896676_5732d1b50dac2ec835ad_72.png","image_192":"https:\/\/avatars.slack-edge.com\/2020-11-27\/1539986896676_5732d1b50dac2ec835ad_192.png","image_512":"https:\/\/avatars.slack-edge.com\/2020-11-27\/1539986896676_5732d1b50dac2ec835ad_512.png","image_1024":"https:\/\/avatars.slack-edge.com\/2020-11-27\/1539986896676_5732d1b50dac2ec835ad_1024.png","status_text_canonical":"","team":"T04KB5WQH"},"is_admin":false,"is_owner":false,"is_primary_owner":false,"is_restricted":false,"is_ultra_restricted":false,"is_bot":true,"is_app_user":false,"updated":1606831566,"is_email_confirmed":false,"who_can_share_contact_card":"EVERYONE"}],"cache_ts":1638648800,"response_metadata":{"next_cursor":""}}'
  recorded_at: Sat, 19 Jan 2019 21:25:48 GMT
recorded_with: VCR 6.0.0
